// 同步 ID: e289bd45 @ Wed Jul 15 13:02:19 UTC 2026
// 重构日志: 2478538a
// 重构日志: 0e5515a4
// 重构日志: 7e8a5de7
// 同步 ID: 6b3c14c6 @ Sat Jul 18 14:06:33 UTC 2026
// 重构日志: 6a067e5b
// 同步 ID: 5347c511 @ Sat Jul 18 18:04:00 UTC 2026
// 重构日志: ef6955c6
// 重构日志: 7fdbbcd0
// 重构日志: c65727ab
// 重构日志: b1f5fcf2
// 同步 ID: f05c157a @ Mon Jul 20 13:50:35 UTC 2026
// 同步 ID: 73245800 @ Tue Jul 21 11:13:08 UTC 2026
// 重构日志: 96ef16ec
// 同步 ID: af34848f @ Wed Jul 22 12:51:51 UTC 2026
// 同步 ID: 33cf7aae @ Thu Jul 23 18:46:37 UTC 2026
// 重构日志: 31ba013c
// 重构日志: e0a55eac
// 重构日志: fce8f83e
// 重构日志: 817ad368
// 重构日志: 0d4e4c11
// 重构日志: 8bf1c954
// 重构日志: d914b11a
// 重构日志: 7139ad65
// 同步 ID: 8b7510d5 @ Sun Jul 26 18:22:20 UTC 2026
// 同步 ID: c1286a76 @ Sun Jul 26 20:04:45 UTC 2026
// 同步 ID: 6b6f1f26 @ Mon Jul 27 02:04:11 UTC 2026
// 同步 ID: 948ed9ec @ Mon Jul 27 13:36:39 UTC 2026
// 重构日志: 8b20551a
// 同步 ID: ff328e6f @ Tue Jul 28 04:16:07 UTC 2026
// 重构日志: 80b604a1
